#门派
d/baihuagu 百花谷
d/death 阴曹地府
d/jjf 将军府
d/lingtai 方寸山
d/moon 月宫
d/nanhai 普陀山
d/pansi 盘丝洞
d/sea 龙宫
d/shushan 蜀山
d/xueshan 大雪山
d/qujing/wuzhuang 五庄观
d/qujing/wudidong 无底洞
d/qujing/kusong 枯松岭
#特殊
d/wiz 通神之地
d/ourhome 荒郊野外
d/ourhome/honglou 红楼一梦 
#城市
d/aolai 傲来国
d/changan 长安城外
d/city 长安城
d/eastway 长安城东
d/erlang 灌江
d/gao 高老庄
d/huanggong 大唐皇宫
d/jz 江州城
d/kaifeng 开封城
d/luoyang 洛阳城
d/meishan 梅山
d/penglai 蓬莱仙岛
d/westway 长安城西
#大闹天宫
d/dntg/bmw 天宫御马监
d/dntg/donghai 龙宫
d/dntg/doushuai 兜率宫
d/dntg/hell 阴曹地府
d/dntg/hgs 花果山
d/dntg/laojun 兜率宫
d/dntg/laojunlu 兜率宫
d/dntg/lijing 云楼台
d/dntg/pantao 蟠桃会
d/dntg/sky 天宫
d/dntg/yaochi 瑶池
d/dntg/yunlou 云楼台
d/cloud 天宫
d/pantao 蟠桃园
#取经路
d/qujing/baigudong 白骨山
d/qujing/baihuling 白虎岭
d/qujing/baotou 豹头山
d/qujing/baoxiang 宝象国
d/qujing/bibotan 碧波潭
d/qujing/biqiu 比丘国
d/qujing/chechi 车迟国
d/qujing/dudi 毒敌山
d/qujing/fengxian 凤仙郡
d/qujing/firemount 火焰山
d/qujing/guanyin 观音院
d/qujing/heifeng 黑风山
d/qujing/huangfeng 黄风岭 
d/qujing/jilei 积雷山
d/qujing/jindou 金兜山
d/qujing/jingjiling 荆棘岭
d/qujing/jinping 金平府
d/qujing/jisaiguo 祭赛国
d/qujing/lingshan 灵山
d/qujing/liusha 流沙河
d/qujing/maoying 毛颖山
d/qujing/nuerguo 女儿国
d/qujing/pansi 盘丝岭
d/qujing/pingding 平顶山
d/qujing/qilin 麒麟山
d/qujing/qinfa 钦法国
d/qujing/qinglong 青龙山
d/qujing/sanda 白骨山
d/qujing/shuangcha 双叉岭
d/qujing/tianzhu 天竺国
d/qujing/tongtian 通天河
d/qujing/village 四圣山庄
d/qujing/wuji 乌鸡国
d/qujing/xiaoxitian 小西天
d/qujing/yingjian 鹰愁涧
d/qujing/yinwu 隐雾山
d/qujing/yuhua 玉华县
d/qujing/yunzhan 云栈洞
d/qujing/zhujie 竹节山
d/qujing/zhuzi 朱紫国